Error: Uncaught ReferenceError: editingProject is not defined\nReferenceError: editingProject is not defined
    at AdminDashboard (http://localhost:5173/src/app/components/AdminDashboard.tsx?t=1784704562060:1091:13)
    at renderWithHooks (http://localhost:5173/node_modules/.vite/deps/chunk-FD5SMSK5.js?v=e15a63bd:11596:26)
    at updateFunctionComponent (http://localhost:5173/node_modules/.vite/deps/chunk-FD5SMSK5.js?v=e15a63bd:14630:28)
    at beginWork (http://localhost:5173/node_modules/.vite/deps/chunk-FD5SMSK5.js?v=e15a63bd:15972:22)
    at HTMLUnknownElement.callCallback2 (http://localhost:5173/node_modules/.vite/deps/chunk-FD5SMSK5.js?v=e15a63bd:3680:22)
    at Object.invokeGuardedCallbackDev (http://localhost:5173/node_modules/.vite/deps/chunk-FD5SMSK5.js?v=e15a63bd:3705:24)
    at invokeGuardedCallback (http://localhost:5173/node_modules/.vite/deps/chunk-FD5SMSK5.js?v=e15a63bd:3739:39)
    at beginWork$1 (http://localhost:5173/node_modules/.vite/deps/chunk-FD5SMSK5.js?v=e15a63bd:19818:15)
    at performUnitOfWork (http://localhost:5173/node_modules/.vite/deps/chunk-FD5SMSK5.js?v=e15a63bd:19251:20)
    at workLoopSync (http://localhost:5173/node_modules/.vite/deps/chunk-FD5SMSK5.js?v=e15a63bd:19190:13)
Error: Uncaught ReferenceError: editingProject is not defined\nReferenceError: editingProject is not defined
    at AdminDashboard (http://localhost:5173/src/app/components/AdminDashboard.tsx?t=1784704562060:1091:13)
    at renderWithHooks (http://localhost:5173/node_modules/.vite/deps/chunk-FD5SMSK5.js?v=e15a63bd:11596:26)
    at updateFunctionComponent (http://localhost:5173/node_modules/.vite/deps/chunk-FD5SMSK5.js?v=e15a63bd:14630:28)
    at beginWork (http://localhost:5173/node_modules/.vite/deps/chunk-FD5SMSK5.js?v=e15a63bd:15972:22)
    at HTMLUnknownElement.callCallback2 (http://localhost:5173/node_modules/.vite/deps/chunk-FD5SMSK5.js?v=e15a63bd:3680:22)
    at Object.invokeGuardedCallbackDev (http://localhost:5173/node_modules/.vite/deps/chunk-FD5SMSK5.js?v=e15a63bd:3705:24)
    at invokeGuardedCallback (http://localhost:5173/node_modules/.vite/deps/chunk-FD5SMSK5.js?v=e15a63bd:3739:39)
    at beginWork$1 (http://localhost:5173/node_modules/.vite/deps/chunk-FD5SMSK5.js?v=e15a63bd:19818:15)
    at performUnitOfWork (http://localhost:5173/node_modules/.vite/deps/chunk-FD5SMSK5.js?v=e15a63bd:19251:20)
    at workLoopSync (http://localhost:5173/node_modules/.vite/deps/chunk-FD5SMSK5.js?v=e15a63bd:19190:13)
Error: Uncaught ReferenceError: editingProject is not defined\nReferenceError: editingProject is not defined
    at AdminDashboard (http://localhost:5173/src/app/components/AdminDashboard.tsx?t=1784704562060:1091:13)
    at renderWithHooks (http://localhost:5173/node_modules/.vite/deps/chunk-FD5SMSK5.js?v=e15a63bd:11596:26)
    at updateFunctionComponent (http://localhost:5173/node_modules/.vite/deps/chunk-FD5SMSK5.js?v=e15a63bd:14630:28)
    at beginWork (http://localhost:5173/node_modules/.vite/deps/chunk-FD5SMSK5.js?v=e15a63bd:15972:22)
    at beginWork$1 (http://localhost:5173/node_modules/.vite/deps/chunk-FD5SMSK5.js?v=e15a63bd:19806:22)
    at performUnitOfWork (http://localhost:5173/node_modules/.vite/deps/chunk-FD5SMSK5.js?v=e15a63bd:19251:20)
    at workLoopSync (http://localhost:5173/node_modules/.vite/deps/chunk-FD5SMSK5.js?v=e15a63bd:19190:13)
    at renderRootSync (http://localhost:5173/node_modules/.vite/deps/chunk-FD5SMSK5.js?v=e15a63bd:19169:15)
    at recoverFromConcurrentError (http://localhost:5173/node_modules/.vite/deps/chunk-FD5SMSK5.js?v=e15a63bd:18786:28)
    at performSyncWorkOnRoot (http://localhost:5173/node_modules/.vite/deps/chunk-FD5SMSK5.js?v=e15a63bd:18932:28)
Error: Uncaught ReferenceError: editingProject is not defined\nReferenceError: editingProject is not defined
    at AdminDashboard (http://localhost:5173/src/app/components/AdminDashboard.tsx?t=1784704562060:1091:13)
    at renderWithHooks (http://localhost:5173/node_modules/.vite/deps/chunk-FD5SMSK5.js?v=e15a63bd:11596:26)
    at updateFunctionComponent (http://localhost:5173/node_modules/.vite/deps/chunk-FD5SMSK5.js?v=e15a63bd:14630:28)
    at beginWork (http://localhost:5173/node_modules/.vite/deps/chunk-FD5SMSK5.js?v=e15a63bd:15972:22)
    at HTMLUnknownElement.callCallback2 (http://localhost:5173/node_modules/.vite/deps/chunk-FD5SMSK5.js?v=e15a63bd:3680:22)
    at Object.invokeGuardedCallbackDev (http://localhost:5173/node_modules/.vite/deps/chunk-FD5SMSK5.js?v=e15a63bd:3705:24)
    at invokeGuardedCallback (http://localhost:5173/node_modules/.vite/deps/chunk-FD5SMSK5.js?v=e15a63bd:3739:39)
    at beginWork$1 (http://localhost:5173/node_modules/.vite/deps/chunk-FD5SMSK5.js?v=e15a63bd:19818:15)
    at performUnitOfWork (http://localhost:5173/node_modules/.vite/deps/chunk-FD5SMSK5.js?v=e15a63bd:19251:20)
    at workLoopSync (http://localhost:5173/node_modules/.vite/deps/chunk-FD5SMSK5.js?v=e15a63bd:19190:13)
Error: Uncaught ReferenceError: editingProject is not defined\nReferenceError: editingProject is not defined
    at AdminDashboard (http://localhost:5173/src/app/components/AdminDashboard.tsx?t=1784704562060:1091:13)
    at renderWithHooks (http://localhost:5173/node_modules/.vite/deps/chunk-FD5SMSK5.js?v=e15a63bd:11596:26)
    at updateFunctionComponent (http://localhost:5173/node_modules/.vite/deps/chunk-FD5SMSK5.js?v=e15a63bd:14630:28)
    at beginWork (http://localhost:5173/node_modules/.vite/deps/chunk-FD5SMSK5.js?v=e15a63bd:15972:22)
    at HTMLUnknownElement.callCallback2 (http://localhost:5173/node_modules/.vite/deps/chunk-FD5SMSK5.js?v=e15a63bd:3680:22)
    at Object.invokeGuardedCallbackDev (http://localhost:5173/node_modules/.vite/deps/chunk-FD5SMSK5.js?v=e15a63bd:3705:24)
    at invokeGuardedCallback (http://localhost:5173/node_modules/.vite/deps/chunk-FD5SMSK5.js?v=e15a63bd:3739:39)
    at beginWork$1 (http://localhost:5173/node_modules/.vite/deps/chunk-FD5SMSK5.js?v=e15a63bd:19818:15)
    at performUnitOfWork (http://localhost:5173/node_modules/.vite/deps/chunk-FD5SMSK5.js?v=e15a63bd:19251:20)
    at workLoopSync (http://localhost:5173/node_modules/.vite/deps/chunk-FD5SMSK5.js?v=e15a63bd:19190:13)
Error: Uncaught ReferenceError: editingProject is not defined\nReferenceError: editingProject is not defined
    at AdminDashboard (http://localhost:5173/src/app/components/AdminDashboard.tsx?t=1784704562060:1091:13)
    at renderWithHooks (http://localhost:5173/node_modules/.vite/deps/chunk-FD5SMSK5.js?v=e15a63bd:11596:26)
    at updateFunctionComponent (http://localhost:5173/node_modules/.vite/deps/chunk-FD5SMSK5.js?v=e15a63bd:14630:28)
    at beginWork (http://localhost:5173/node_modules/.vite/deps/chunk-FD5SMSK5.js?v=e15a63bd:15972:22)
    at beginWork$1 (http://localhost:5173/node_modules/.vite/deps/chunk-FD5SMSK5.js?v=e15a63bd:19806:22)
    at performUnitOfWork (http://localhost:5173/node_modules/.vite/deps/chunk-FD5SMSK5.js?v=e15a63bd:19251:20)
    at workLoopSync (http://localhost:5173/node_modules/.vite/deps/chunk-FD5SMSK5.js?v=e15a63bd:19190:13)
    at renderRootSync (http://localhost:5173/node_modules/.vite/deps/chunk-FD5SMSK5.js?v=e15a63bd:19169:15)
    at recoverFromConcurrentError (http://localhost:5173/node_modules/.vite/deps/chunk-FD5SMSK5.js?v=e15a63bd:18786:28)
    at performSyncWorkOnRoot (http://localhost:5173/node_modules/.vite/deps/chunk-FD5SMSK5.js?v=e15a63bd:18932:28)
Error: Uncaught TypeError: Cannot read properties of null (reading 'useContext')\nTypeError: Cannot read properties of null (reading 'useContext')
    at useContext (http://localhost:5173/node_modules/.vite/deps/chunk-YHPANKLD.js?v=e49c3d87:1062:29)
    at MotionDOMComponent (http://localhost:5173/node_modules/.vite/deps/chunk-5XDBRDJ3.js?v=e49c3d87:9054:40)
    at renderWithHooks (http://localhost:5173/node_modules/.vite/deps/chunk-FD5SMSK5.js?v=e15a63bd:11596:26)
    at updateForwardRef (http://localhost:5173/node_modules/.vite/deps/chunk-FD5SMSK5.js?v=e15a63bd:14373:28)
    at beginWork (http://localhost:5173/node_modules/.vite/deps/chunk-FD5SMSK5.js?v=e15a63bd:15994:22)
    at HTMLUnknownElement.callCallback2 (http://localhost:5173/node_modules/.vite/deps/chunk-FD5SMSK5.js?v=e15a63bd:3680:22)
    at Object.invokeGuardedCallbackDev (http://localhost:5173/node_modules/.vite/deps/chunk-FD5SMSK5.js?v=e15a63bd:3705:24)
    at invokeGuardedCallback (http://localhost:5173/node_modules/.vite/deps/chunk-FD5SMSK5.js?v=e15a63bd:3739:39)
    at beginWork$1 (http://localhost:5173/node_modules/.vite/deps/chunk-FD5SMSK5.js?v=e15a63bd:19818:15)
    at performUnitOfWork (http://localhost:5173/node_modules/.vite/deps/chunk-FD5SMSK5.js?v=e15a63bd:19251:20)
Error: Uncaught TypeError: Cannot read properties of null (reading 'useContext')\nTypeError: Cannot read properties of null (reading 'useContext')
    at useContext (http://localhost:5173/node_modules/.vite/deps/chunk-YHPANKLD.js?v=e49c3d87:1062:29)
    at MotionDOMComponent (http://localhost:5173/node_modules/.vite/deps/chunk-5XDBRDJ3.js?v=e49c3d87:9054:40)
    at renderWithHooks (http://localhost:5173/node_modules/.vite/deps/chunk-FD5SMSK5.js?v=e15a63bd:11596:26)
    at updateForwardRef (http://localhost:5173/node_modules/.vite/deps/chunk-FD5SMSK5.js?v=e15a63bd:14373:28)
    at beginWork (http://localhost:5173/node_modules/.vite/deps/chunk-FD5SMSK5.js?v=e15a63bd:15994:22)
    at HTMLUnknownElement.callCallback2 (http://localhost:5173/node_modules/.vite/deps/chunk-FD5SMSK5.js?v=e15a63bd:3680:22)
    at Object.invokeGuardedCallbackDev (http://localhost:5173/node_modules/.vite/deps/chunk-FD5SMSK5.js?v=e15a63bd:3705:24)
    at invokeGuardedCallback (http://localhost:5173/node_modules/.vite/deps/chunk-FD5SMSK5.js?v=e15a63bd:3739:39)
    at beginWork$1 (http://localhost:5173/node_modules/.vite/deps/chunk-FD5SMSK5.js?v=e15a63bd:19818:15)
    at performUnitOfWork (http://localhost:5173/node_modules/.vite/deps/chunk-FD5SMSK5.js?v=e15a63bd:19251:20)
Unhandled Rejection: TypeError: Cannot read properties of null (reading 'useContext')
